// Vitest Snapshot v1, https://vitest.dev/guide/snapshot.html

exports[`Footer.vue > renders correctly and matches snapshot 1`] = `
"<v-footer app="" color="primary" dark="">
  <v-container>
    <v-row align="center" justify="center">
      <p class="text-center mb-0">Made with ❤️ in Berlin</p>
    </v-row>
  </v-container>
</v-footer>"
`;
